%!Adobe-FontList 1.18
%Locale:0x407

%BeginFont
Handler:DirectoryHandler
FontType:TrueType
FontName:Arial-BoldMT
FamilyName:Arial
StyleName:Bold
FullName:Arial Bold
MenuName:Arial
StyleBits:2
WritingScript:Roman
OutlineFileName:I:\03_Lehre\Layoutvorlagen\Broschuere_neu_CI\Broschuere_Layout_neu Ordner\Broschuere_Layout_neu Ordner\Document fonts\arialbd.ttf
DataFormat:sfntData
hasSVG:no
FileLength:971376
FileModTime:1506688887
WeightClass:700
WidthClass:5
AngleClass:0
NameArray:0,Mac,4,Arial Bold
NameArray:0,Win,1,Arial
%EndFont

%BeginFont
Handler:DirectoryHandler
FontType:TrueType
FontName:TUMNeueHelvetica-Bold
FamilyName:TUM Neue Helvetica
StyleName:75 Bold
FullName:TUM Neue Helvetica 75 Bold
MenuName:TUM Neue Helvetica 55 Regular
StyleBits:2
WritingScript:Roman
OutlineFileName:I:\03_Lehre\Layoutvorlagen\Broschuere_neu_CI\Broschuere_Layout_neu Ordner\Broschuere_Layout_neu Ordner\Document fonts\TUMNeueHelvetica-Bold.ttf
DataFormat:sfntData
hasSVG:no
FileLength:130732
FileModTime:1510923505
WeightClass:700
WidthClass:5
AngleClass:0
NameArray:0,Mac,18,TUM Neue Helvetica 75 Bold
NameArray:0,Mac,4,TUM Neue Helvetica 75 Bold
NameArray:0,Win,1,TUM Neue Helvetica 55 Regular
NameArray:0,Win,16,TUM Neue Helvetica
%EndFont

%BeginFont
Handler:DirectoryHandler
FontType:TrueType
FontName:TUMNeueHelvetica-Regular
FamilyName:TUM Neue Helvetica
StyleName:55 Regular
FullName:TUM Neue Helvetica 55 Regular
MenuName:TUM Neue Helvetica 55 Regular
StyleBits:0
WritingScript:Roman
OutlineFileName:I:\03_Lehre\Layoutvorlagen\Broschuere_neu_CI\Broschuere_Layout_neu Ordner\Broschuere_Layout_neu Ordner\Document fonts\TUMNeueHelvetica-Regular.ttf
DataFormat:sfntData
hasSVG:no
FileLength:158980
FileModTime:1510923505
WeightClass:400
WidthClass:5
AngleClass:0
NameArray:0,Mac,18,TUM Neue Helvetica 55 Regular
NameArray:0,Mac,4,TUM Neue Helvetica 55 Regular
NameArray:0,Win,1,TUM Neue Helvetica 55 Regular
NameArray:0,Win,16,TUM Neue Helvetica
%EndFont

